// Jest Snapshot v1, https://goo.gl/fbAQLP

exports[`<FullList /> matches snapshot 1`] = `
<div
  class="w-full"
  data-testid="full-list-div"
>
  <div
    class="w-full flex flex-col flex-wrap "
  />
</div>
`;
